Flutter crash report.
Please report a bug at https://github.com/flutter/flutter/issues.

## command

flutter run -d chrome

## exception

PathAccessException: PathAccessException: Deletion failed, path = 'C:\Users\punjc\AppData\Local\Temp\flutter_tools.5cd2bba2\flutter_tool.f148b76c' (OS Error: The process cannot access the file because it is being used by another process, errno = 32)

```
#0      _Directory._deleteSync (dart:io/directory_impl.dart:216:7)
#1      FileSystemEntity.deleteSync (dart:io/file_system_entity.dart:425:7)
#2      ForwardingFileSystemEntity.deleteSync (package:file/src/forwarding/forwarding_file_system_entity.dart:70:16)
#3      ErrorHandlingDirectory.deleteSync.<anonymous closure> (package:flutter_tools/src/base/error_handling_io.dart:451:22)
#4      _runSync (package:flutter_tools/src/base/error_handling_io.dart:552:14)
#5      ErrorHandlingDirectory.deleteSync (package:flutter_tools/src/base/error_handling_io.dart:450:12)
#6      ResidentRunner.preExit (package:flutter_tools/src/resident_runner.dart:1435:25)
#7      ResidentRunner.exit (package:flutter_tools/src/resident_runner.dart:1278:11)
<asynchronous suspension>
#8      TerminalHandler._commonTerminalInputHandler (package:flutter_tools/src/resident_runner.dart:1830:9)
<asynchronous suspension>
#9      TerminalHandler.processTerminalInput (package:flutter_tools/src/resident_runner.dart:1906:7)
<asynchronous suspension>
```

## flutter doctor

```
[33m[!][39m Flutter (Channel stable,
    3.41.4, on Microsoft
    Windows [Version
    10.0.26200.7922], locale
    en-IN) [349ms]
    [32m•[39m Flutter version 3.41.4
      on channel stable at
      C:\flutter
    [33m![39m The flutter binary is
      not on your path.
      Consider adding
      C:\flutter\bin to your
      path.
    [33m![39m The dart binary is not
      on your path. Consider
      adding C:\flutter\bin
      to your path.
    [32m•[39m Upstream repository
      https://github.com/flut
      ter/flutter.git
    [32m•[39m Framework revision
      ff37bef603 (3 days
      ago), 2026-03-03
      16:03:22 -0800
    [32m•[39m Engine revision
      e4b8dca3f1
    [32m•[39m Dart version 3.11.1
    [32m•[39m DevTools version 2.54.1
    [32m•[39m Feature flags:
      enable-web,
      enable-linux-desktop,
      enable-macos-desktop,
      enable-windows-desktop,
      enable-android,
      enable-ios,
      cli-animations,
      enable-native-assets,
      omit-legacy-version-fil
      e,
      enable-lldb-debugging,
      enable-uiscene-migratio
      n
    [32m•[39m If those were
      intentional, you can
      disregard the above
      warnings; however it is
      recommended to use
      "git" directly to
      perform update checks
      and upgrades.

[32m[✓][39m Windows Version (Windows
    11 or higher, 25H2, 2009)
    [2.3s]

[32m[✓][39m Android toolchain -
    develop for Android
    devices (Android SDK
    version 36.1.0) [13.0s]
    [32m•[39m Android SDK at
      C:\Users\punjc\AppData\
      Local\Android\sdk
    [32m•[39m Emulator version
      36.4.9.0 (build_id
      14788078) (CL:N/A)
    [32m•[39m Platform android-36.1,
      build-tools 36.1.0
    [32m•[39m Java binary at:
      C:\Program
      Files\Android\Android
      Studio\jbr\bin\java
      This is the JDK bundled
      with the latest Android
      Studio installation on
      this machine.
      To manually set the JDK
      path, use: `flutter
      config
      --jdk-dir="path/to/jdk"
      `.
    [32m•[39m Java version OpenJDK
      Runtime Environment
      (build
      21.0.9+-14649483-b1163.
      86)
    [32m•[39m All Android licenses
      accepted.

[32m[✓][39m Chrome - develop for the
    web [133ms]
    [32m•[39m Chrome at C:\Program
      Files\Google\Chrome\App
      lication\chrome.exe

[32m[✓][39m Visual Studio - develop
    Windows apps (Visual
    Studio Community 2022
    17.14.23) [132ms]
    [32m•[39m Visual Studio at
      C:\Program
      Files\Microsoft Visual
      Studio\2022\Community
    [32m•[39m Visual Studio Community
      2022 version
      17.14.36811.4
    [32m•[39m Windows 10 SDK version
      10.0.26100.0

[32m[✓][39m Connected device (3
    available) [146ms]
    [32m•[39m Windows (desktop) •
      windows • windows-x64
      • Microsoft Windows
      [Version
      10.0.26200.7922]
    [32m•[39m Chrome (web)      •
      chrome  •
      web-javascript • Google
      Chrome 145.0.7632.117
    [32m•[39m Edge (web)        •
      edge    •
      web-javascript •
      Microsoft Edge
      145.0.3800.82

[32m[✓][39m Network resources
    [1,247ms]
    [32m•[39m All expected network
      resources are
      available.

[33m![39m Doctor found issues in 1
  category.
```
